Partition Merge report for HW_Test
Sun Jun 07 14:36:43 2020
Quartus II 64-Bit Version 12.1 Build 177 11/07/2012 SJ Web Edition


---------------------
; Table of Contents ;
---------------------
  1. Legal Notice
  2. Partition Merge Summary
  3. Partition Merge Netlist Types Used
  4. Connections to In-System Debugging Instance "auto_signaltap_0"
  5. Partition Merge Partition Statistics
  6. Partition Merge Resource Usage Summary
  7. Partition Merge RAM Summary
  8. Partition Merge DSP Block Usage Summary
  9. Partition Merge Messages



----------------
; Legal Notice ;
----------------
Copyright (C) 1991-2012 Altera Corporation
Your use of Altera Corporation's design tools, logic functions 
and other software and tools, and its AMPP partner logic 
functions, and any output files from any of the foregoing 
(including device programming or simulation files), and any 
associated documentation or information are expressly subject 
to the terms and conditions of the Altera Program License 
Subscription Agreement, Altera MegaCore Function License 
Agreement, or other applicable license agreement, including, 
without limitation, that your use is for the sole purpose of 
programming logic devices manufactured by Altera and sold by 
Altera or its authorized distributors.  Please refer to the 
applicable agreement for further details.



+-------------------------------------------------------------------------------+
; Partition Merge Summary                                                       ;
+------------------------------------+------------------------------------------+
; Partition Merge Status             ; Successful - Sun Jun 07 14:36:42 2020    ;
; Quartus II 64-Bit Version          ; 12.1 Build 177 11/07/2012 SJ Web Edition ;
; Revision Name                      ; HW_Test                                  ;
; Top-level Entity Name              ; top                                      ;
; Family                             ; Cyclone II                               ;
; Total logic elements               ; 1,335                                    ;
;     Total combinational functions  ; 833                                      ;
;     Dedicated logic registers      ; 891                                      ;
; Total registers                    ; 891                                      ;
; Total pins                         ; 69                                       ;
; Total virtual pins                 ; 0                                        ;
; Total memory bits                  ; 143,360                                  ;
; Embedded Multiplier 9-bit elements ; 1                                        ;
; Total PLLs                         ; 0                                        ;
+------------------------------------+------------------------------------------+


+-------------------------------------------------------------------------------------------------------------------------------+
; Partition Merge Netlist Types Used                                                                                            ;
+--------------------------------+----------------+-------------------+------------------------+--------------------------------+
; Partition Name                 ; Partition Type ; Netlist Type Used ; Netlist Type Requested ; Partition Contents             ;
+--------------------------------+----------------+-------------------+------------------------+--------------------------------+
; Top                            ; User-created   ; Source File       ; Source File            ;                                ;
; sld_hub:auto_hub               ; Auto-generated ; Post-Synthesis    ; Post-Synthesis         ; sld_hub:auto_hub               ;
; sld_signaltap:auto_signaltap_0 ; Auto-generated ; Post-Synthesis    ; Post-Synthesis         ; sld_signaltap:auto_signaltap_0 ;
; hard_block:auto_generated_inst ; Auto-generated ; Source File       ; Source File            ; hard_block:auto_generated_inst ;
+--------------------------------+----------------+-------------------+------------------------+--------------------------------+


+----------------------------------------------------------------------------------------------------------------------------------------------------------------------------------------------------------------------------------------+
; Connections to In-System Debugging Instance "auto_signaltap_0"                                                                                                                                                                         ;
+-----------------------+--------------+-----------+----------------+-------------------+-----------------------------------------------------+------------------------------------------------------------------------------------------+
; Name                  ; Type         ; Status    ; Partition Name ; Netlist Type Used ; Actual Connection                                   ; Details                                                                                  ;
+-----------------------+--------------+-----------+----------------+-------------------+-----------------------------------------------------+------------------------------------------------------------------------------------------+
; Alast[0]~_Duplicate_1 ; post-fitting ; missing   ; Top            ; post-synthesis    ; GND                                                 ; The post-fitting netlist is not being used.  Set the partition's netlist type to source. ;
; Alast[0]~_Duplicate_1 ; post-fitting ; missing   ; Top            ; post-synthesis    ; GND                                                 ; The post-fitting netlist is not being used.  Set the partition's netlist type to source. ;
; Alast[1]~_Duplicate_1 ; post-fitting ; missing   ; Top            ; post-synthesis    ; GND                                                 ; The post-fitting netlist is not being used.  Set the partition's netlist type to source. ;
; Alast[1]~_Duplicate_1 ; post-fitting ; missing   ; Top            ; post-synthesis    ; GND                                                 ; The post-fitting netlist is not being used.  Set the partition's netlist type to source. ;
; Alast[2]~_Duplicate_1 ; post-fitting ; missing   ; Top            ; post-synthesis    ; GND                                                 ; The post-fitting netlist is not being used.  Set the partition's netlist type to source. ;
; Alast[2]~_Duplicate_1 ; post-fitting ; missing   ; Top            ; post-synthesis    ; GND                                                 ; The post-fitting netlist is not being used.  Set the partition's netlist type to source. ;
; Alast[3]~_Duplicate_1 ; post-fitting ; missing   ; Top            ; post-synthesis    ; GND                                                 ; The post-fitting netlist is not being used.  Set the partition's netlist type to source. ;
; Alast[3]~_Duplicate_1 ; post-fitting ; missing   ; Top            ; post-synthesis    ; GND                                                 ; The post-fitting netlist is not being used.  Set the partition's netlist type to source. ;
; Alast[4]~_Duplicate_1 ; post-fitting ; missing   ; Top            ; post-synthesis    ; GND                                                 ; The post-fitting netlist is not being used.  Set the partition's netlist type to source. ;
; Alast[4]~_Duplicate_1 ; post-fitting ; missing   ; Top            ; post-synthesis    ; GND                                                 ; The post-fitting netlist is not being used.  Set the partition's netlist type to source. ;
; Alast[5]~_Duplicate_1 ; post-fitting ; missing   ; Top            ; post-synthesis    ; GND                                                 ; The post-fitting netlist is not being used.  Set the partition's netlist type to source. ;
; Alast[5]~_Duplicate_1 ; post-fitting ; missing   ; Top            ; post-synthesis    ; GND                                                 ; The post-fitting netlist is not being used.  Set the partition's netlist type to source. ;
; Alast[6]~_Duplicate_1 ; post-fitting ; missing   ; Top            ; post-synthesis    ; GND                                                 ; The post-fitting netlist is not being used.  Set the partition's netlist type to source. ;
; Alast[6]~_Duplicate_1 ; post-fitting ; missing   ; Top            ; post-synthesis    ; GND                                                 ; The post-fitting netlist is not being used.  Set the partition's netlist type to source. ;
; Alast[7]~_Duplicate_1 ; post-fitting ; missing   ; Top            ; post-synthesis    ; GND                                                 ; The post-fitting netlist is not being used.  Set the partition's netlist type to source. ;
; Alast[7]~_Duplicate_1 ; post-fitting ; missing   ; Top            ; post-synthesis    ; GND                                                 ; The post-fitting netlist is not being used.  Set the partition's netlist type to source. ;
; Blast[0]              ; post-fitting ; connected ; Top            ; post-synthesis    ; Blast[0]                                            ; N/A                                                                                      ;
; Blast[0]              ; post-fitting ; connected ; Top            ; post-synthesis    ; Blast[0]                                            ; N/A                                                                                      ;
; Blast[1]              ; post-fitting ; connected ; Top            ; post-synthesis    ; Blast[1]                                            ; N/A                                                                                      ;
; Blast[1]              ; post-fitting ; connected ; Top            ; post-synthesis    ; Blast[1]                                            ; N/A                                                                                      ;
; Blast[2]              ; post-fitting ; connected ; Top            ; post-synthesis    ; Blast[2]                                            ; N/A                                                                                      ;
; Blast[2]              ; post-fitting ; connected ; Top            ; post-synthesis    ; Blast[2]                                            ; N/A                                                                                      ;
; Blast[3]              ; post-fitting ; connected ; Top            ; post-synthesis    ; Blast[3]                                            ; N/A                                                                                      ;
; Blast[3]              ; post-fitting ; connected ; Top            ; post-synthesis    ; Blast[3]                                            ; N/A                                                                                      ;
; Blast[4]              ; post-fitting ; connected ; Top            ; post-synthesis    ; Blast[4]                                            ; N/A                                                                                      ;
; Blast[4]              ; post-fitting ; connected ; Top            ; post-synthesis    ; Blast[4]                                            ; N/A                                                                                      ;
; Blast[5]              ; post-fitting ; connected ; Top            ; post-synthesis    ; Blast[5]                                            ; N/A                                                                                      ;
; Blast[5]              ; post-fitting ; connected ; Top            ; post-synthesis    ; Blast[5]                                            ; N/A                                                                                      ;
; Blast[6]              ; post-fitting ; connected ; Top            ; post-synthesis    ; Blast[6]                                            ; N/A                                                                                      ;
; Blast[6]              ; post-fitting ; connected ; Top            ; post-synthesis    ; Blast[6]                                            ; N/A                                                                                      ;
; Blast[7]              ; post-fitting ; connected ; Top            ; post-synthesis    ; Blast[7]                                            ; N/A                                                                                      ;
; Blast[7]              ; post-fitting ; connected ; Top            ; post-synthesis    ; Blast[7]                                            ; N/A                                                                                      ;
; RES[0]                ; post-fitting ; connected ; Top            ; post-synthesis    ; topALU:ALUBuild1|outputSelector:tester|LO[0]~16     ; N/A                                                                                      ;
; RES[0]                ; post-fitting ; connected ; Top            ; post-synthesis    ; topALU:ALUBuild1|outputSelector:tester|LO[0]~16     ; N/A                                                                                      ;
; RES[10]               ; post-fitting ; connected ; Top            ; post-synthesis    ; topALU:ALUBuild1|outputSelector:tester|HI[2]~2      ; N/A                                                                                      ;
; RES[10]               ; post-fitting ; connected ; Top            ; post-synthesis    ; topALU:ALUBuild1|outputSelector:tester|HI[2]~2      ; N/A                                                                                      ;
; RES[11]               ; post-fitting ; connected ; Top            ; post-synthesis    ; topALU:ALUBuild1|outputSelector:tester|HI[3]~3      ; N/A                                                                                      ;
; RES[11]               ; post-fitting ; connected ; Top            ; post-synthesis    ; topALU:ALUBuild1|outputSelector:tester|HI[3]~3      ; N/A                                                                                      ;
; RES[12]               ; post-fitting ; connected ; Top            ; post-synthesis    ; topALU:ALUBuild1|outputSelector:tester|HI[4]~4      ; N/A                                                                                      ;
; RES[12]               ; post-fitting ; connected ; Top            ; post-synthesis    ; topALU:ALUBuild1|outputSelector:tester|HI[4]~4      ; N/A                                                                                      ;
; RES[13]               ; post-fitting ; connected ; Top            ; post-synthesis    ; topALU:ALUBuild1|outputSelector:tester|HI[5]~5      ; N/A                                                                                      ;
; RES[13]               ; post-fitting ; connected ; Top            ; post-synthesis    ; topALU:ALUBuild1|outputSelector:tester|HI[5]~5      ; N/A                                                                                      ;
; RES[14]               ; post-fitting ; connected ; Top            ; post-synthesis    ; topALU:ALUBuild1|outputSelector:tester|HI[6]~6      ; N/A                                                                                      ;
; RES[14]               ; post-fitting ; connected ; Top            ; post-synthesis    ; topALU:ALUBuild1|outputSelector:tester|HI[6]~6      ; N/A                                                                                      ;
; RES[15]               ; post-fitting ; connected ; Top            ; post-synthesis    ; topALU:ALUBuild1|outputSelector:tester|HI[7]~7      ; N/A                                                                                      ;
; RES[15]               ; post-fitting ; connected ; Top            ; post-synthesis    ; topALU:ALUBuild1|outputSelector:tester|HI[7]~7      ; N/A                                                                                      ;
; RES[1]                ; post-fitting ; connected ; Top            ; post-synthesis    ; topALU:ALUBuild1|outputSelector:tester|LO[1]~17     ; N/A                                                                                      ;
; RES[1]                ; post-fitting ; connected ; Top            ; post-synthesis    ; topALU:ALUBuild1|outputSelector:tester|LO[1]~17     ; N/A                                                                                      ;
; RES[2]                ; post-fitting ; connected ; Top            ; post-synthesis    ; topALU:ALUBuild1|outputSelector:tester|LO[2]~18     ; N/A                                                                                      ;
; RES[2]                ; post-fitting ; connected ; Top            ; post-synthesis    ; topALU:ALUBuild1|outputSelector:tester|LO[2]~18     ; N/A                                                                                      ;
; RES[3]                ; post-fitting ; connected ; Top            ; post-synthesis    ; topALU:ALUBuild1|outputSelector:tester|LO[3]~19     ; N/A                                                                                      ;
; RES[3]                ; post-fitting ; connected ; Top            ; post-synthesis    ; topALU:ALUBuild1|outputSelector:tester|LO[3]~19     ; N/A                                                                                      ;
; RES[4]                ; post-fitting ; connected ; Top            ; post-synthesis    ; topALU:ALUBuild1|outputSelector:tester|LO[4]~20     ; N/A                                                                                      ;
; RES[4]                ; post-fitting ; connected ; Top            ; post-synthesis    ; topALU:ALUBuild1|outputSelector:tester|LO[4]~20     ; N/A                                                                                      ;
; RES[5]                ; post-fitting ; connected ; Top            ; post-synthesis    ; topALU:ALUBuild1|outputSelector:tester|LO[5]~21     ; N/A                                                                                      ;
; RES[5]                ; post-fitting ; connected ; Top            ; post-synthesis    ; topALU:ALUBuild1|outputSelector:tester|LO[5]~21     ; N/A                                                                                      ;
; RES[6]                ; post-fitting ; connected ; Top            ; post-synthesis    ; topALU:ALUBuild1|outputSelector:tester|LO[6]~22     ; N/A                                                                                      ;
; RES[6]                ; post-fitting ; connected ; Top            ; post-synthesis    ; topALU:ALUBuild1|outputSelector:tester|LO[6]~22     ; N/A                                                                                      ;
; RES[7]                ; post-fitting ; connected ; Top            ; post-synthesis    ; topALU:ALUBuild1|outputSelector:tester|LO[7]~23     ; N/A                                                                                      ;
; RES[7]                ; post-fitting ; connected ; Top            ; post-synthesis    ; topALU:ALUBuild1|outputSelector:tester|LO[7]~23     ; N/A                                                                                      ;
; RES[8]                ; post-fitting ; connected ; Top            ; post-synthesis    ; topALU:ALUBuild1|outputSelector:tester|HI[0]~0      ; N/A                                                                                      ;
; RES[8]                ; post-fitting ; connected ; Top            ; post-synthesis    ; topALU:ALUBuild1|outputSelector:tester|HI[0]~0      ; N/A                                                                                      ;
; RES[9]                ; post-fitting ; connected ; Top            ; post-synthesis    ; topALU:ALUBuild1|outputSelector:tester|HI[1]~1      ; N/A                                                                                      ;
; RES[9]                ; post-fitting ; connected ; Top            ; post-synthesis    ; topALU:ALUBuild1|outputSelector:tester|HI[1]~1      ; N/A                                                                                      ;
; STATUS[0]             ; post-fitting ; connected ; Top            ; post-synthesis    ; topALU:ALUBuild1|outputSelector:tester|Status[0]~4  ; N/A                                                                                      ;
; STATUS[0]             ; post-fitting ; connected ; Top            ; post-synthesis    ; topALU:ALUBuild1|outputSelector:tester|Status[0]~4  ; N/A                                                                                      ;
; STATUS[1]             ; post-fitting ; connected ; Top            ; post-synthesis    ; topALU:ALUBuild1|outputSelector:tester|Status[1]~10 ; N/A                                                                                      ;
; STATUS[1]             ; post-fitting ; connected ; Top            ; post-synthesis    ; topALU:ALUBuild1|outputSelector:tester|Status[1]~10 ; N/A                                                                                      ;
; q_int[21]~71          ; post-fitting ; connected ; Top            ; post-synthesis    ; q_int[21]~71                                        ; N/A                                                                                      ;
; q_int[22]             ; post-fitting ; connected ; Top            ; post-synthesis    ; q_int[22]                                           ; N/A                                                                                      ;
; q_int[22]             ; post-fitting ; connected ; Top            ; post-synthesis    ; q_int[22]                                           ; N/A                                                                                      ;
+-----------------------+--------------+-----------+----------------+-------------------+-----------------------------------------------------+------------------------------------------------------------------------------------------+


+-----------------------------------------------------------------------------------------------------------------------------------------+
; Partition Merge Partition Statistics                                                                                                    ;
+---------------------------------------------+------+------------------+--------------------------------+--------------------------------+
; Statistic                                   ; Top  ; sld_hub:auto_hub ; sld_signaltap:auto_signaltap_0 ; hard_block:auto_generated_inst ;
+---------------------------------------------+------+------------------+--------------------------------+--------------------------------+
; Estimated Total logic elements              ; 325  ; 159              ; 870                            ; 0                              ;
;                                             ;      ;                  ;                                ;                                ;
; Total combinational functions               ; 304  ; 143              ; 386                            ; 0                              ;
; Logic element usage by number of LUT inputs ;      ;                  ;                                ;                                ;
;     -- 4 input functions                    ; 200  ; 56               ; 175                            ; 0                              ;
;     -- 3 input functions                    ; 67   ; 51               ; 132                            ; 0                              ;
;     -- <=2 input functions                  ; 37   ; 36               ; 79                             ; 0                              ;
;                                             ;      ;                  ;                                ;                                ;
; Logic elements by mode                      ;      ;                  ;                                ;                                ;
;     -- normal mode                          ; 252  ; 135              ; 329                            ; 0                              ;
;     -- arithmetic mode                      ; 52   ; 8                ; 57                             ; 0                              ;
;                                             ;      ;                  ;                                ;                                ;
; Total registers                             ; 69   ; 94               ; 728                            ; 0                              ;
;     -- Dedicated logic registers            ; 69   ; 94               ; 728                            ; 0                              ;
;                                             ;      ;                  ;                                ;                                ;
; Virtual pins                                ; 0    ; 0                ; 0                              ; 0                              ;
; I/O pins                                    ; 69   ; 0                ; 0                              ; 0                              ;
; Embedded Multiplier 9-bit elements          ; 1    ; 0                ; 0                              ; 0                              ;
; Total memory bits                           ; 0    ; 0                ; 143360                         ; 0                              ;
; Total RAM block bits                        ; 0    ; 0                ; 0                              ; 0                              ;
; JTAG                                        ; 1    ; 0                ; 0                              ; 0                              ;
;                                             ;      ;                  ;                                ;                                ;
; Connections                                 ;      ;                  ;                                ;                                ;
;     -- Input Connections                    ; 1    ; 135              ; 1013                           ; 0                              ;
;     -- Registered Input Connections         ; 0    ; 105              ; 825                            ; 0                              ;
;     -- Output Connections                   ; 998  ; 150              ; 1                              ; 0                              ;
;     -- Registered Output Connections        ; 18   ; 149              ; 0                              ; 0                              ;
;                                             ;      ;                  ;                                ;                                ;
; Internal Connections                        ;      ;                  ;                                ;                                ;
;     -- Total Connections                    ; 2353 ; 906              ; 4394                           ; 0                              ;
;     -- Registered Connections               ; 505  ; 655              ; 3168                           ; 0                              ;
;                                             ;      ;                  ;                                ;                                ;
; External Connections                        ;      ;                  ;                                ;                                ;
;     -- Top                                  ; 0    ; 127              ; 872                            ; 0                              ;
;     -- sld_hub:auto_hub                     ; 127  ; 16               ; 142                            ; 0                              ;
;     -- sld_signaltap:auto_signaltap_0       ; 872  ; 142              ; 0                              ; 0                              ;
;     -- hard_block:auto_generated_inst       ; 0    ; 0                ; 0                              ; 0                              ;
;                                             ;      ;                  ;                                ;                                ;
; Partition Interface                         ;      ;                  ;                                ;                                ;
;     -- Input Ports                          ; 18   ; 19               ; 127                            ; 0                              ;
;     -- Output Ports                         ; 55   ; 37               ; 80                             ; 0                              ;
;     -- Bidir Ports                          ; 0    ; 0                ; 0                              ; 0                              ;
;                                             ;      ;                  ;                                ;                                ;
; Registered Ports                            ;      ;                  ;                                ;                                ;
;     -- Registered Input Ports               ; 0    ; 4                ; 75                             ; 0                              ;
;     -- Registered Output Ports              ; 0    ; 26               ; 71                             ; 0                              ;
;                                             ;      ;                  ;                                ;                                ;
; Port Connectivity                           ;      ;                  ;                                ;                                ;
;     -- Input Ports driven by GND            ; 0    ; 1                ; 16                             ; 0                              ;
;     -- Output Ports driven by GND           ; 0    ; 1                ; 0                              ; 0                              ;
;     -- Input Ports driven by VCC            ; 0    ; 0                ; 0                              ; 0                              ;
;     -- Output Ports driven by VCC           ; 0    ; 0                ; 0                              ; 0                              ;
;     -- Input Ports with no Source           ; 0    ; 1                ; 35                             ; 0                              ;
;     -- Output Ports with no Source          ; 0    ; 0                ; 0                              ; 0                              ;
;     -- Input Ports with no Fanout           ; 0    ; 2                ; 40                             ; 0                              ;
;     -- Output Ports with no Fanout          ; 0    ; 15               ; 71                             ; 0                              ;
+---------------------------------------------+------+------------------+--------------------------------+--------------------------------+
Note: Resource usage numbers presented for Partitions containing post-synthesis logic are estimates.  For Partitions containing post-fit logic, resource usage numbers are accurate based on previous placement information.  Actual Fitter results may vary depending on current Fitter Preservation Level assignments.


+------------------------------------------------------+
; Partition Merge Resource Usage Summary               ;
+---------------------------------------------+--------+
; Resource                                    ; Usage  ;
+---------------------------------------------+--------+
; Estimated Total logic elements              ; 1,335  ;
;                                             ;        ;
; Total combinational functions               ; 833    ;
; Logic element usage by number of LUT inputs ;        ;
;     -- 4 input functions                    ; 431    ;
;     -- 3 input functions                    ; 250    ;
;     -- <=2 input functions                  ; 152    ;
;                                             ;        ;
; Logic elements by mode                      ;        ;
;     -- normal mode                          ; 716    ;
;     -- arithmetic mode                      ; 117    ;
;                                             ;        ;
; Total registers                             ; 891    ;
;     -- Dedicated logic registers            ; 891    ;
;     -- I/O registers                        ; 0      ;
;                                             ;        ;
; I/O pins                                    ; 69     ;
; Total memory bits                           ; 143360 ;
; Embedded Multiplier 9-bit elements          ; 1      ;
; Maximum fan-out                             ; 472    ;
; Total fan-out                               ; 6449   ;
; Average fan-out                             ; 3.51   ;
+---------------------------------------------+--------+


+---------------------------------------------------------------------------------------------------------------------------------------------------------------------------------------------------------------------------------------------------------------------------------------------------------------------------------------+
; Partition Merge RAM Summary                                                                                                                                                                                                                                                                                                           ;
+-----------------------------------------------------------------------------------------------------------------------------------------------------------------------------------------------------------------------------------+------+----------------+--------------+--------------+--------------+--------------+--------+------+
; Name                                                                                                                                                                                                                              ; Type ; Mode           ; Port A Depth ; Port A Width ; Port B Depth ; Port B Width ; Size   ; MIF  ;
+-----------------------------------------------------------------------------------------------------------------------------------------------------------------------------------------------------------------------------------+------+----------------+--------------+--------------+--------------+--------------+--------+------+
; sld_signaltap:auto_signaltap_0|sld_signaltap_impl:sld_signaltap_body|sld_signaltap_implb:sld_signaltap_body|altsyncram:\stp_non_zero_ram_gen:stp_buffer_ram|altsyncram_ms14:auto_generated|altsyncram_ugq1:altsyncram1|ALTSYNCRAM ; AUTO ; True Dual Port ; 4096         ; 35           ; 4096         ; 35           ; 143360 ; None ;
+-----------------------------------------------------------------------------------------------------------------------------------------------------------------------------------------------------------------------------------+------+----------------+--------------+--------------+--------------+--------------+--------+------+


+-----------------------------------------------------+
; Partition Merge DSP Block Usage Summary             ;
+---------------------------------------+-------------+
; Statistic                             ; Number Used ;
+---------------------------------------+-------------+
; Simple Multipliers (9-bit)            ; 1           ;
; Simple Multipliers (18-bit)           ; 0           ;
; Embedded Multiplier Blocks            ; --          ;
; Embedded Multiplier 9-bit elements    ; 1           ;
; Signed Embedded Multipliers           ; 0           ;
; Unsigned Embedded Multipliers         ; 1           ;
; Mixed Sign Embedded Multipliers       ; 0           ;
; Variable Sign Embedded Multipliers    ; 0           ;
; Dedicated Input Shift Register Chains ; 0           ;
+---------------------------------------+-------------+
Note: number of Embedded Multiplier Blocks used is only available after a successful fit.


+--------------------------+
; Partition Merge Messages ;
+--------------------------+
Info: *******************************************************************
Info: Running Quartus II 64-Bit Partition Merge
    Info: Version 12.1 Build 177 11/07/2012 SJ Web Edition
    Info: Processing started: Sun Jun 07 14:36:41 2020
Info: Command: quartus_cdb --read_settings_files=off --write_settings_files=off HW_Test -c HW_Test --merge=on
Info (35007): Using synthesis netlist for partition "Top"
Info (35007): Using synthesis netlist for partition "sld_hub:auto_hub"
Info (35007): Using synthesis netlist for partition "sld_signaltap:auto_signaltap_0"
Critical Warning (35025): Partially connected in-system debug instance "auto_signaltap_0" to 55 of its 71 required data inputs, trigger inputs, acquisition clocks, and dynamic pins.  There were 0 illegal, 0 inaccessible, and 16 missing sources or connections.
Info (35002): Resolved and merged 3 partition(s)
Info (16010): Generating hard_block partition "hard_block:auto_generated_inst"
    Info (16011): Adding 0 node(s), including 0 DDIO, 0 PLL, 0 transceiver and 0 LCELL
Warning (21074): Design contains 1 input pin(s) that do not drive logic
    Warning (15610): No output dependent on input pin "cin"
Info (21057): Implemented 1498 device resources after synthesis - the final resource count might be different
    Info (21058): Implemented 18 input pins
    Info (21059): Implemented 55 output pins
    Info (21061): Implemented 1388 logic cells
    Info (21064): Implemented 35 RAM segments
    Info (21062): Implemented 1 DSP elements
Info: Quartus II 64-Bit Partition Merge was successful. 0 errors, 3 warnings
    Info: Peak virtual memory: 4629 megabytes
    Info: Processing ended: Sun Jun 07 14:36:43 2020
    Info: Elapsed time: 00:00:02
    Info: Total CPU time (on all processors): 00:00:01


